
> heritago@0.0.0 start
> ng serve --host 0.0.0.0


Warning: This is a simple server for use in testing or debugging Angular applications
locally. It hasn't been reviewed for security issues.

Binding this server to an open connection can result in compromising your application or
computer. Using a different host than the one passed to the "--host" flag might result in
websocket connection issues.
    
❯ Building...
✔ Building...
Initial chunk files | Names           |  Raw size
main.js             | main            |  19.84 kB | 
chunk-F7A3EMXJ.js   | -               |   2.40 kB | 
chunk-YQOESBWP.js   | -               | 754 bytes | 
styles.css          | styles          | 483 bytes | 

                    | Initial total   |  23.48 kB

Lazy chunk files    | Names           |  Raw size
chunk-IW56QHIW.js   | tree            | 161.04 kB | 
chunk-S2T6S4PY.js   | dashboard       |  61.74 kB | 
chunk-DKOCMUA3.js   | place-list      |  38.49 kB | 
chunk-MYM32M7K.js   | person-list     |  27.51 kB | 
chunk-TUEXIDPO.js   | create-tree     |  23.10 kB | 
chunk-AKGKHE42.js   | map-view        |  21.72 kB | 
chunk-45P6OPX5.js   | login           |  16.95 kB | 
chunk-XENQT2KC.js   | settings        |  16.04 kB | 
chunk-YPV5EOZW.js   | statistics      |  15.57 kB | 
chunk-VKFKOBCU.js   | search-results  |  14.44 kB | 
chunk-KVX7BIUX.js   | media-gallery   |  13.97 kB | 
chunk-WY6ZPNRP.js   | timeline        |  13.62 kB | 
chunk-HJ3DBDJJ.js   | user-management |   6.75 kB | 
chunk-WJA4RYZH.js   | tree-selector   |   6.67 kB | 
chunk-KVF42PKJ.js   | -               |   3.60 kB | 

Application bundle generation complete. [2.464 seconds] - 2026-02-18T19:55:26.668Z

[33m▲ [43;33m[[43;30mWARNING[43;33m][0m [1mNG8113: RouterLinkActive is not used within the template of Navbar[0m [1m[35m[plugin angular-compiler][0m

    src/app/navbar.ts:10:26:
[37m      10 │     imports: [RouterLink, [32mRouterLinkActive[37m, CommonModule],
         ╵                           [32m~~~~~~~~~~~~~~~~[0m


Watch mode enabled. Watching for file changes...
NOTE: Raw file sizes do not reflect development server per-request transformations.
  ➜  Local:   http://localhost:4200/
  ➜  Network: http://10.10.1.177:4200/
❯ Changes detected. Rebuilding...
✔ Changes detected. Rebuilding...
Initial chunk files | Names |  Raw size
main.js             | main  |  19.84 kB | 

Lazy chunk files    | Names |  Raw size
chunk-PTY36EOD.js   | tree  | 161.15 kB | 

Application bundle generation complete. [1.478 seconds] - 2026-02-18T19:56:53.355Z

[33m▲ [43;33m[[43;30mWARNING[43;33m][0m [1mNG8113: RouterLinkActive is not used within the template of Navbar[0m [1m[35m[plugin angular-compiler][0m

    src/app/navbar.ts:10:26:
[37m      10 │     imports: [RouterLink, [32mRouterLinkActive[37m, CommonModule],
         ╵                           [32m~~~~~~~~~~~~~~~~[0m


Page reload sent to client(s).
❯ Changes detected. Rebuilding...
✔ Changes detected. Rebuilding...
Initial chunk files | Names |  Raw size
main.js             | main  |  19.84 kB | 

Lazy chunk files    | Names |  Raw size
chunk-ZHGG2PGE.js   | tree  | 161.26 kB | 

Application bundle generation complete. [1.008 seconds] - 2026-02-18T20:05:05.469Z

[33m▲ [43;33m[[43;30mWARNING[43;33m][0m [1mNG8113: RouterLinkActive is not used within the template of Navbar[0m [1m[35m[plugin angular-compiler][0m

    src/app/navbar.ts:10:26:
[37m      10 │     imports: [RouterLink, [32mRouterLinkActive[37m, CommonModule],
         ╵                           [32m~~~~~~~~~~~~~~~~[0m


Page reload sent to client(s).
❯ Changes detected. Rebuilding...
✔ Changes detected. Rebuilding...
Initial chunk files | Names           |  Raw size
main.js             | main            |  19.84 kB | 
chunk-F7A3EMXJ.js   | -               |   2.40 kB | 
chunk-YQOESBWP.js   | -               | 754 bytes | 
styles.css          | styles          | 483 bytes | 

                    | Initial total   |  23.48 kB

Lazy chunk files    | Names           |  Raw size
chunk-ZHGG2PGE.js   | tree            | 161.26 kB | 
chunk-S2T6S4PY.js   | dashboard       |  61.74 kB | 
chunk-DKOCMUA3.js   | place-list      |  38.49 kB | 
chunk-MYM32M7K.js   | person-list     |  27.51 kB | 
chunk-TUEXIDPO.js   | create-tree     |  23.10 kB | 
chunk-AKGKHE42.js   | map-view        |  21.72 kB | 
chunk-45P6OPX5.js   | login           |  16.95 kB | 
chunk-XENQT2KC.js   | settings        |  16.04 kB | 
chunk-YPV5EOZW.js   | statistics      |  15.57 kB | 
chunk-VKFKOBCU.js   | search-results  |  14.44 kB | 
chunk-KVX7BIUX.js   | media-gallery   |  13.97 kB | 
chunk-WY6ZPNRP.js   | timeline        |  13.62 kB | 
chunk-HJ3DBDJJ.js   | user-management |   6.75 kB | 
chunk-WJA4RYZH.js   | tree-selector   |   6.67 kB | 
chunk-KVF42PKJ.js   | -               |   3.60 kB | 

Application bundle generation complete. [0.003 seconds] - 2026-02-18T20:11:56.768Z

[33m▲ [43;33m[[43;30mWARNING[43;33m][0m [1mNG8113: RouterLinkActive is not used within the template of Navbar[0m [1m[35m[plugin angular-compiler][0m

    src/app/navbar.ts:10:26:
[37m      10 │     imports: [RouterLink, [32mRouterLinkActive[37m, CommonModule],
         ╵                           [32m~~~~~~~~~~~~~~~~[0m


Page reload sent to client(s).
❯ Changes detected. Rebuilding...
✔ Changes detected. Rebuilding...
Initial chunk files | Names |  Raw size
main.js             | main  |  19.84 kB | 

Lazy chunk files    | Names |  Raw size
chunk-4TQ2YNK6.js   | tree  | 161.36 kB | 

Application bundle generation complete. [1.236 seconds] - 2026-02-18T20:55:03.497Z

[33m▲ [43;33m[[43;30mWARNING[43;33m][0m [1mNG8113: RouterLinkActive is not used within the template of Navbar[0m [1m[35m[plugin angular-compiler][0m

    src/app/navbar.ts:10:26:
[37m      10 │     imports: [RouterLink, [32mRouterLinkActive[37m, CommonModule],
         ╵                           [32m~~~~~~~~~~~~~~~~[0m


Page reload sent to client(s).
❯ Changes detected. Rebuilding...
✔ Changes detected. Rebuilding...
Initial chunk files | Names |  Raw size
main.js             | main  |  19.84 kB | 

Lazy chunk files    | Names |  Raw size
chunk-GXJ7RFUD.js   | tree  | 162.09 kB | 

Application bundle generation complete. [1.090 seconds] - 2026-02-18T21:07:29.352Z

[33m▲ [43;33m[[43;30mWARNING[43;33m][0m [1mNG8113: RouterLinkActive is not used within the template of Navbar[0m [1m[35m[plugin angular-compiler][0m

    src/app/navbar.ts:10:26:
[37m      10 │     imports: [RouterLink, [32mRouterLinkActive[37m, CommonModule],
         ╵                           [32m~~~~~~~~~~~~~~~~[0m


Page reload sent to client(s).
