
> server@1.0.0 dev
> ts-node-dev --respawn --transpile-only src/index.ts

[INFO] 12:52:30 ts-node-dev ver. 2.0.0 (using ts-node ver. 10.9.2, typescript ver. 5.9.3)
[dotenv@17.3.1] injecting env (7) from .env -- tip: ⚙️  load multiple .env files with { path: ['.env.local', '.env'] }
[server]: Heritago GEDCOM-Compliant Backend running at http://localhost:3000
[API]: Tree dddd - Individuals: 181, Families: 69
[API]: Sample Family @X83@: husband=@I152176468157@, wife=@X82@, children=1
[API]: Tree dddd - Individuals: 181, Families: 69
[API]: Sample Family @X83@: husband=@I152176468157@, wife=@X82@, children=1
[API]: Tree dddd - Individuals: 181, Families: 69
[API]: Sample Family @X83@: husband=@I152176468157@, wife=@X82@, children=1
[API]: Tree dddd - Individuals: 181, Families: 69
[API]: Sample Family @X83@: husband=@I152176468157@, wife=@X82@, children=1
[API]: Tree dddd - Individuals: 181, Families: 69
[API]: Sample Family @X83@: husband=@I152176468157@, wife=@X82@, children=1
[API]: Tree dddd - Individuals: 181, Families: 69
[API]: Sample Family @X83@: husband=@I152176468157@, wife=@X82@, children=1
[API]: Tree dddd - Individuals: 181, Families: 69
[API]: Sample Family @X83@: husband=@I152176468157@, wife=@X82@, children=1
[API]: Tree dddd - Individuals: 181, Families: 69
[API]: Sample Family @X83@: husband=@I152176468157@, wife=@X82@, children=1
[API]: Tree dddd - Individuals: 181, Families: 69
[API]: Sample Family @X83@: husband=@I152176468157@, wife=@X82@, children=1
[API]: Tree dddd - Individuals: 181, Families: 69
[API]: Sample Family @X83@: husband=@I152176468157@, wife=@X82@, children=1
[API]: Tree dddd - Individuals: 181, Families: 69
[API]: Sample Family @X83@: husband=@I152176468157@, wife=@X82@, children=1
[API]: Tree dddd - Individuals: 181, Families: 69
[API]: Sample Family @X83@: husband=@I152176468157@, wife=@X82@, children=1
[API]: Tree dddd - Individuals: 181, Families: 69
[API]: Sample Family @X83@: husband=@I152176468157@, wife=@X82@, children=1
[API]: Tree dddd - Individuals: 181, Families: 69
[API]: Sample Family @X83@: husband=@I152176468157@, wife=@X82@, children=1
[API]: Tree dddd - Individuals: 181, Families: 69
[API]: Sample Family @X83@: husband=@I152176468157@, wife=@X82@, children=1
[API]: Tree dddd - Individuals: 181, Families: 69
[API]: Sample Family @X83@: husband=@I152176468157@, wife=@X82@, children=1
[API]: Tree dddd - Individuals: 181, Families: 69
[API]: Sample Family @X83@: husband=@I152176468157@, wife=@X82@, children=1
[API]: Tree dddd - Individuals: 181, Families: 69
[API]: Sample Family @X83@: husband=@I152176468157@, wife=@X82@, children=1
[API]: Tree dddd - Individuals: 181, Families: 69
[API]: Sample Family @X83@: husband=@I152176468157@, wife=@X82@, children=1
[API]: Tree dddd - Individuals: 181, Families: 69
[API]: Sample Family @X83@: husband=@I152176468157@, wife=@X82@, children=1
[API]: Tree dddd - Individuals: 181, Families: 69
[API]: Sample Family @X83@: husband=@I152176468157@, wife=@X82@, children=1
[API]: Tree dddd - Individuals: 181, Families: 69
[API]: Sample Family @X83@: husband=@I152176468157@, wife=@X82@, children=1
[API]: Tree dddd - Individuals: 181, Families: 69
[API]: Sample Family @X83@: husband=@I152176468157@, wife=@X82@, children=1
[API]: Tree dddd - Individuals: 181, Families: 69
[API]: Sample Family @X83@: husband=@I152176468157@, wife=@X82@, children=1
[API]: Tree dddd - Individuals: 181, Families: 69
[API]: Sample Family @X83@: husband=@I152176468157@, wife=@X82@, children=1
[API]: Tree dddd - Individuals: 181, Families: 69
[API]: Sample Family @X83@: husband=@I152176468157@, wife=@X82@, children=1
[API]: Tree dddd - Individuals: 181, Families: 69
[API]: Sample Family @X83@: husband=@I152176468157@, wife=@X82@, children=1
[API]: Tree dddd - Individuals: 181, Families: 69
[API]: Sample Family @X83@: husband=@I152176468157@, wife=@X82@, children=1
[API]: Tree dddd - Individuals: 181, Families: 69
[API]: Sample Family @X83@: husband=@I152176468157@, wife=@X82@, children=1
[API]: Tree dddd - Individuals: 181, Families: 69
[API]: Sample Family @X83@: husband=@I152176468157@, wife=@X82@, children=1
[API]: Tree dddd - Individuals: 181, Families: 69
[API]: Sample Family @X83@: husband=@I152176468157@, wife=@X82@, children=1
[API]: Tree dddd - Individuals: 181, Families: 69
[API]: Sample Family @X83@: husband=@I152176468157@, wife=@X82@, children=1
[API]: Tree dddd - Individuals: 181, Families: 69
[API]: Sample Family @X83@: husband=@I152176468157@, wife=@X82@, children=1
[API]: Tree dddd - Individuals: 181, Families: 69
[API]: Sample Family @X83@: husband=@I152176468157@, wife=@X82@, children=1
[API]: Tree dddd - Individuals: 181, Families: 69
[API]: Sample Family @X83@: husband=@I152176468157@, wife=@X82@, children=1
[API]: Tree dddd - Individuals: 181, Families: 69
[API]: Sample Family @X83@: husband=@I152176468157@, wife=@X82@, children=1
[API]: Tree dddd - Individuals: 181, Families: 69
[API]: Sample Family @X83@: husband=@I152176468157@, wife=@X82@, children=1
[API]: Tree dddd - Individuals: 181, Families: 69
[API]: Sample Family @X83@: husband=@I152176468157@, wife=@X82@, children=1
[API]: Tree dddd - Individuals: 181, Families: 69
[API]: Sample Family @X83@: husband=@I152176468157@, wife=@X82@, children=1
[API]: Tree dddd - Individuals: 181, Families: 69
[API]: Sample Family @X83@: husband=@I152176468157@, wife=@X82@, children=1
[API]: Tree dddd - Individuals: 181, Families: 69
[API]: Sample Family @X83@: husband=@I152176468157@, wife=@X82@, children=1
[API]: Tree dddd - Individuals: 181, Families: 69
[API]: Sample Family @X83@: husband=@I152176468157@, wife=@X82@, children=1
[API]: Tree dddd - Individuals: 181, Families: 69
[API]: Sample Family @X83@: husband=@I152176468157@, wife=@X82@, children=1
[API]: Tree dddd - Individuals: 181, Families: 69
[API]: Sample Family @X83@: husband=@I152176468157@, wife=@X82@, children=1
[API]: Tree dddd - Individuals: 181, Families: 69
[API]: Sample Family @X83@: husband=@I152176468157@, wife=@X82@, children=1
[API]: Tree dddd - Individuals: 181, Families: 69
[API]: Sample Family @X83@: husband=@I152176468157@, wife=@X82@, children=1
[API]: Tree dddd - Individuals: 181, Families: 69
[API]: Sample Family @X83@: husband=@I152176468157@, wife=@X82@, children=1
[API]: Tree dddd - Individuals: 181, Families: 69
[API]: Sample Family @X83@: husband=@I152176468157@, wife=@X82@, children=1
[API]: Tree dddd - Individuals: 181, Families: 69
[API]: Sample Family @X83@: husband=@I152176468157@, wife=@X82@, children=1
[API]: Tree dddd - Individuals: 181, Families: 69
[API]: Sample Family @X83@: husband=@I152176468157@, wife=@X82@, children=1
[API]: Tree dddd - Individuals: 181, Families: 69
[API]: Sample Family @X83@: husband=@I152176468157@, wife=@X82@, children=1
[API]: Tree dddd - Individuals: 181, Families: 69
[API]: Sample Family @X83@: husband=@I152176468157@, wife=@X82@, children=1
[API]: Tree dddd - Individuals: 181, Families: 69
[API]: Sample Family @X83@: husband=@I152176468157@, wife=@X82@, children=1
[API]: Tree dddd - Individuals: 181, Families: 69
[API]: Sample Family @X83@: husband=@I152176468157@, wife=@X82@, children=1
[API]: Tree dddd - Individuals: 181, Families: 69
[API]: Sample Family @X83@: husband=@I152176468157@, wife=@X82@, children=1
[API]: Tree dddd - Individuals: 181, Families: 69
[API]: Sample Family @X83@: husband=@I152176468157@, wife=@X82@, children=1
[API]: Tree dddd - Individuals: 181, Families: 69
[API]: Sample Family @X83@: husband=@I152176468157@, wife=@X82@, children=1
[API]: Tree dddd - Individuals: 181, Families: 69
[API]: Sample Family @X83@: husband=@I152176468157@, wife=@X82@, children=1
[API]: Tree dddd - Individuals: 181, Families: 69
[API]: Sample Family @X83@: husband=@I152176468157@, wife=@X82@, children=1
[API]: Tree dddd - Individuals: 181, Families: 69
[API]: Sample Family @X83@: husband=@I152176468157@, wife=@X82@, children=1
[API]: Tree dddd - Individuals: 181, Families: 69
[API]: Sample Family @X83@: husband=@I152176468157@, wife=@X82@, children=1
[API]: Tree dddd - Individuals: 181, Families: 69
[API]: Sample Family @X83@: husband=@I152176468157@, wife=@X82@, children=1
[API]: Tree dddd - Individuals: 181, Families: 69
[API]: Sample Family @X83@: husband=@I152176468157@, wife=@X82@, children=1
[API]: Tree dddd - Individuals: 181, Families: 69
[API]: Sample Family @X83@: husband=@I152176468157@, wife=@X82@, children=1
[API]: Tree dddd - Individuals: 181, Families: 69
[API]: Sample Family @X83@: husband=@I152176468157@, wife=@X82@, children=1
[API]: Tree dddd - Individuals: 181, Families: 69
[API]: Sample Family @X83@: husband=@I152176468157@, wife=@X82@, children=1
[API]: Tree dddd - Individuals: 181, Families: 69
[API]: Sample Family @X83@: husband=@I152176468157@, wife=@X82@, children=1
[API]: Tree dddd - Individuals: 181, Families: 69
[API]: Sample Family @X83@: husband=@I152176468157@, wife=@X82@, children=1
[API]: Tree dddd - Individuals: 181, Families: 69
[API]: Sample Family @X83@: husband=@I152176468157@, wife=@X82@, children=1
[API]: Tree dddd - Individuals: 181, Families: 69
[API]: Sample Family @X83@: husband=@I152176468157@, wife=@X82@, children=1
[API]: Tree dddd - Individuals: 181, Families: 69
[API]: Sample Family @X83@: husband=@I152176468157@, wife=@X82@, children=1
[API]: Tree dddd - Individuals: 181, Families: 69
[API]: Sample Family @X83@: husband=@I152176468157@, wife=@X82@, children=1
[API]: Tree dddd - Individuals: 181, Families: 69
[API]: Sample Family @X83@: husband=@I152176468157@, wife=@X82@, children=1
[API]: Tree dddd - Individuals: 181, Families: 69
[API]: Sample Family @X83@: husband=@I152176468157@, wife=@X82@, children=1
[API]: Tree dddd - Individuals: 181, Families: 69
[API]: Sample Family @X83@: husband=@I152176468157@, wife=@X82@, children=1
[API]: Tree dddd - Individuals: 181, Families: 69
[API]: Sample Family @X83@: husband=@I152176468157@, wife=@X82@, children=1
[API]: Tree dddd - Individuals: 181, Families: 69
[API]: Sample Family @X83@: husband=@I152176468157@, wife=@X82@, children=1
[API]: Tree dddd - Individuals: 181, Families: 69
[API]: Sample Family @X83@: husband=@I152176468157@, wife=@X82@, children=1
[API]: Tree dddd - Individuals: 181, Families: 69
[API]: Sample Family @X83@: husband=@I152176468157@, wife=@X82@, children=1
[API]: Tree dddd - Individuals: 181, Families: 69
[API]: Sample Family @X83@: husband=@I152176468157@, wife=@X82@, children=1
[API]: Tree dddd - Individuals: 181, Families: 69
[API]: Sample Family @X83@: husband=@I152176468157@, wife=@X82@, children=1
[API]: Tree dddd - Individuals: 181, Families: 69
[API]: Sample Family @X83@: husband=@I152176468157@, wife=@X82@, children=1
[API]: Tree dddd - Individuals: 181, Families: 69
[API]: Sample Family @X83@: husband=@I152176468157@, wife=@X82@, children=1
[API]: Tree dddd - Individuals: 181, Families: 69
[API]: Sample Family @X83@: husband=@I152176468157@, wife=@X82@, children=1
[API]: Tree dddd - Individuals: 181, Families: 69
[API]: Sample Family @X83@: husband=@I152176468157@, wife=@X82@, children=1
[API]: Tree dddd - Individuals: 181, Families: 69
[API]: Sample Family @X83@: husband=@I152176468157@, wife=@X82@, children=1
[API]: Tree dddd - Individuals: 181, Families: 69
[API]: Sample Family @X83@: husband=@I152176468157@, wife=@X82@, children=1
[API]: Tree dddd - Individuals: 181, Families: 69
[API]: Sample Family @X83@: husband=@I152176468157@, wife=@X82@, children=1
[API]: Tree dddd - Individuals: 181, Families: 69
[API]: Sample Family @X83@: husband=@I152176468157@, wife=@X82@, children=1
[API]: Tree dddd - Individuals: 181, Families: 69
[API]: Sample Family @X83@: husband=@I152176468157@, wife=@X82@, children=1
[API]: Tree dddd - Individuals: 181, Families: 69
[API]: Sample Family @X83@: husband=@I152176468157@, wife=@X82@, children=1
[API]: Tree dddd - Individuals: 181, Families: 69
[API]: Sample Family @X83@: husband=@I152176468157@, wife=@X82@, children=1
[API]: Tree dddd - Individuals: 181, Families: 69
[API]: Sample Family @X83@: husband=@I152176468157@, wife=@X82@, children=1
[API]: Tree dddd - Individuals: 181, Families: 69
[API]: Sample Family @X83@: husband=@I152176468157@, wife=@X82@, children=1
[API]: Tree dddd - Individuals: 181, Families: 69
[API]: Sample Family @X83@: husband=@I152176468157@, wife=@X82@, children=1
[API]: Tree dddd - Individuals: 181, Families: 69
[API]: Sample Family @X83@: husband=@I152176468157@, wife=@X82@, children=1
[API]: Tree dddd - Individuals: 181, Families: 69
[API]: Sample Family @X83@: husband=@I152176468157@, wife=@X82@, children=1
[API]: Tree dddd - Individuals: 181, Families: 69
[API]: Sample Family @X83@: husband=@I152176468157@, wife=@X82@, children=1
[API]: Tree dddd - Individuals: 181, Families: 69
[API]: Sample Family @X83@: husband=@I152176468157@, wife=@X82@, children=1
[API]: Tree dddd - Individuals: 181, Families: 69
[API]: Sample Family @X83@: husband=@I152176468157@, wife=@X82@, children=1
[API]: Tree dddd - Individuals: 181, Families: 69
[API]: Sample Family @X83@: husband=@I152176468157@, wife=@X82@, children=1
[API]: Tree dddd - Individuals: 181, Families: 69
[API]: Sample Family @X83@: husband=@I152176468157@, wife=@X82@, children=1
[API]: Tree dddd - Individuals: 181, Families: 69
[API]: Sample Family @X83@: husband=@I152176468157@, wife=@X82@, children=1
[API]: Tree dddd - Individuals: 181, Families: 69
[API]: Sample Family @X83@: husband=@I152176468157@, wife=@X82@, children=1
[API]: Tree dddd - Individuals: 181, Families: 69
[API]: Sample Family @X83@: husband=@I152176468157@, wife=@X82@, children=1
[API]: Tree dddd - Individuals: 181, Families: 69
[API]: Sample Family @X83@: husband=@I152176468157@, wife=@X82@, children=1
[API]: Tree dddd - Individuals: 181, Families: 69
[API]: Sample Family @X83@: husband=@I152176468157@, wife=@X82@, children=1
[API]: Tree dddd - Individuals: 181, Families: 69
[API]: Sample Family @X83@: husband=@I152176468157@, wife=@X82@, children=1
[API]: Tree dddd - Individuals: 181, Families: 69
[API]: Sample Family @X83@: husband=@I152176468157@, wife=@X82@, children=1
[API]: Tree dddd - Individuals: 181, Families: 69
[API]: Sample Family @X83@: husband=@I152176468157@, wife=@X82@, children=1
[API]: Tree dddd - Individuals: 181, Families: 69
[API]: Sample Family @X83@: husband=@I152176468157@, wife=@X82@, children=1
[API]: Tree dddd - Individuals: 181, Families: 69
[API]: Sample Family @X83@: husband=@I152176468157@, wife=@X82@, children=1
[API]: Tree dddd - Individuals: 181, Families: 69
[API]: Sample Family @X83@: husband=@I152176468157@, wife=@X82@, children=1
[API]: Tree dddd - Individuals: 181, Families: 69
[API]: Sample Family @X83@: husband=@I152176468157@, wife=@X82@, children=1
[API]: Tree dddd - Individuals: 181, Families: 69
[API]: Sample Family @X83@: husband=@I152176468157@, wife=@X82@, children=1
[API]: Tree dddd - Individuals: 181, Families: 69
[API]: Sample Family @X83@: husband=@I152176468157@, wife=@X82@, children=1
[API]: Tree dddd - Individuals: 181, Families: 69
[API]: Sample Family @X83@: husband=@I152176468157@, wife=@X82@, children=1
[API]: Tree dddd - Individuals: 181, Families: 69
[API]: Sample Family @X83@: husband=@I152176468157@, wife=@X82@, children=1
[API]: Tree dddd - Individuals: 181, Families: 69
[API]: Sample Family @X83@: husband=@I152176468157@, wife=@X82@, children=1
[API]: Tree dddd - Individuals: 181, Families: 69
[API]: Sample Family @X83@: husband=@I152176468157@, wife=@X82@, children=1
[API]: Tree dddd - Individuals: 181, Families: 69
[API]: Sample Family @X83@: husband=@I152176468157@, wife=@X82@, children=1
[API]: Tree dddd - Individuals: 181, Families: 69
[API]: Sample Family @X83@: husband=@I152176468157@, wife=@X82@, children=1
[API]: Tree dddd - Individuals: 181, Families: 69
[API]: Sample Family @X83@: husband=@I152176468157@, wife=@X82@, children=1
[API]: Tree dddd - Individuals: 181, Families: 69
[API]: Sample Family @X83@: husband=@I152176468157@, wife=@X82@, children=1
[API]: Tree dddd - Individuals: 181, Families: 69
[API]: Sample Family @X83@: husband=@I152176468157@, wife=@X82@, children=1
[API]: Tree dddd - Individuals: 181, Families: 69
[API]: Sample Family @X83@: husband=@I152176468157@, wife=@X82@, children=1
[API]: Tree dddd - Individuals: 181, Families: 69
[API]: Sample Family @X83@: husband=@I152176468157@, wife=@X82@, children=1
[API]: Tree dddd - Individuals: 181, Families: 69
[API]: Sample Family @X83@: husband=@I152176468157@, wife=@X82@, children=1
[API]: Tree dddd - Individuals: 181, Families: 69
[API]: Sample Family @X83@: husband=@I152176468157@, wife=@X82@, children=1
[API]: Tree dddd - Individuals: 181, Families: 69
[API]: Sample Family @X83@: husband=@I152176468157@, wife=@X82@, children=1
[API]: Tree dddd - Individuals: 181, Families: 69
[API]: Sample Family @X83@: husband=@I152176468157@, wife=@X82@, children=1
[API]: Tree dddd - Individuals: 181, Families: 69
[API]: Sample Family @X83@: husband=@I152176468157@, wife=@X82@, children=1
[API]: Tree dddd - Individuals: 181, Families: 69
[API]: Sample Family @X83@: husband=@I152176468157@, wife=@X82@, children=1
[API]: Tree dddd - Individuals: 181, Families: 69
[API]: Sample Family @X83@: husband=@I152176468157@, wife=@X82@, children=1
Saving media objects for person:  []
[API]: Tree dddd - Individuals: 181, Families: 69
[API]: Sample Family @X83@: husband=@I152176468157@, wife=@X82@, children=1
[API]: Tree dddd - Individuals: 181, Families: 69
[API]: Sample Family @X83@: husband=@I152176468157@, wife=@X82@, children=1
[API]: Tree dddd - Individuals: 181, Families: 69
[API]: Sample Family @X83@: husband=@I152176468157@, wife=@X82@, children=1
Saving media objects for person:  []
[API]: Tree dddd - Individuals: 181, Families: 69
[API]: Sample Family @X83@: husband=@I152176468157@, wife=@X82@, children=1
[API]: Tree dddd - Individuals: 181, Families: 69
[API]: Sample Family @X83@: husband=@I152176468157@, wife=@X82@, children=1
